============================= test session starts =============================
platform win32 -- Python 3.13.2, pytest-8.4.1, pluggy-1.6.0 -- C:\Users\gonza\AppData\Local\Programs\Python\Python313\python.exe
cachedir: .pytest_cache
rootdir: C:\Users\gonza\Documents\trading advisor
configfile: pytest.ini
plugins: anyio-4.9.0
collecting ... collected 27 items

tests/test_calculator.py::TestPositionCalculatorV3::test_calculate_position_plan_v3_integration PASSED [  3%]
tests/test_calculator.py::TestPositionCalculatorV3::test_risk_management_check PASSED [  7%]
tests/test_database.py::TestDatabaseFunctions::test_initialize_database PASSED [ 11%]
tests/test_database.py::TestDatabaseFunctions::test_save_signal_data PASSED [ 14%]
tests/test_database.py::TestDatabaseFunctions::test_save_gap_report PASSED [ 18%]
tests/test_database.py::TestDatabaseFunctions::test_connection_failure_handling PASSED [ 22%]
tests/test_indicators.py::TestTechnicalIndicators::test_calculate_rsi PASSED [ 25%]
tests/test_indicators.py::TestTechnicalIndicators::test_get_market_data_integration PASSED [ 29%]
tests/test_indicators.py::TestTechnicalIndicators::test_gap_detection_logic PASSED [ 33%]
tests/test_indicators.py::TestTechnicalIndicators::test_fill_gaps_calls PASSED [ 37%]
tests/test_infrastructure.py::TestContinuousCollector::test_initialization FAILED [ 40%]
tests/test_infrastructure.py::TestContinuousCollector::test_run_loop_cycle FAILED [ 44%]
tests/test_infrastructure.py::TestDynamicMonitor::test_add_target FAILED [ 48%]
tests/test_infrastructure.py::TestDynamicMonitor::test_priority_queue FAILED [ 51%]
tests/test_infrastructure.py::TestDynamicMonitor::test_update_priorities_from_exit_signals FAILED [ 55%]
tests/test_position_mgmt.py::TestPositionTracker::test_register_new_position PASSED [ 59%]
tests/test_position_mgmt.py::TestPositionTracker::test_update_level_status FAILED [ 62%]
tests/test_position_mgmt.py::TestExecutionMonitor::test_get_current_price_mock PASSED [ 66%]
tests/test_position_mgmt.py::TestExecutionMonitor::test_execution_logic_invocation PASSED [ 70%]
tests/test_scanner.py::TestSignalScanner::test_initialization PASSED     [ 74%]
tests/test_scanner.py::TestSignalScanner::test_is_market_open PASSED     [ 77%]
tests/test_scanner.py::TestSignalScanner::test_evaluate_long_signal_score_calculation PASSED [ 81%]
tests/test_scanner.py::TestSignalScanner::test_scan_market_integration PASSED [ 85%]
tests/test_telegram.py::TestTelegramBot::test_initialization PASSED      [ 88%]
tests/test_telegram.py::TestTelegramBot::test_send_message_success FAILED [ 92%]
tests/test_telegram.py::TestTelegramBot::test_send_message_retry_logic FAILED [ 96%]
tests/test_telegram.py::TestTelegramBot::test_format_signal_alert PASSED [100%]

================================== FAILURES ===================================
_________________ TestContinuousCollector.test_initialization _________________
tests\test_infrastructure.py:19: in test_initialization
    assert collector.is_running is False
           ^^^^^^^^^^^^^^^^^^^^
E   AttributeError: 'ContinuousDataCollector' object has no attribute 'is_running'. Did you mean: 'running'?
_________________ TestContinuousCollector.test_run_loop_cycle _________________
tests\test_infrastructure.py:42: in test_run_loop_cycle
    collector.stop()
    ^^^^^^^^^^^^^^
E   AttributeError: 'ContinuousDataCollector' object has no attribute 'stop'
_____________________ TestDynamicMonitor.test_add_target ______________________
tests\test_infrastructure.py:52: in test_add_target
    monitor.add_monitor_target("AAPL", priority="HIGH")
E   TypeError: DynamicMonitor.add_monitor_target() missing 1 required positional argument: 'reason'
___________________ TestDynamicMonitor.test_priority_queue ____________________
tests\test_infrastructure.py:58: in test_priority_queue
    monitor.add_monitor_target("CRITICAL_SYM", priority="CRITICAL")
E   TypeError: DynamicMonitor.add_monitor_target() missing 1 required positional argument: 'reason'
_________ TestDynamicMonitor.test_update_priorities_from_exit_signals _________
tests\test_infrastructure.py:80: in test_update_priorities_from_exit_signals
    monitor.add_monitor_target("NVDA", priority="NORMAL")
E   TypeError: DynamicMonitor.add_monitor_target() missing 1 required positional argument: 'reason'
________________ TestPositionTracker.test_update_level_status _________________
tests\test_position_mgmt.py:76: in test_update_level_status
    new_status=ExecutionStatus.FILLED,
               ^^^^^^^^^^^^^^^
E   UnboundLocalError: cannot access local variable 'ExecutionStatus' where it is not associated with a value
__________________ TestTelegramBot.test_send_message_success __________________
tests\test_telegram.py:36: in test_send_message_success
    assert result is True
E   assert False is True
------------------------------ Captured log call ------------------------------
ERROR    telegram_bot:telegram_bot.py:569 \u274c Error enviando mensaje: catching classes that do not inherit from BaseException is not allowed
________________ TestTelegramBot.test_send_message_retry_logic ________________
tests\test_telegram.py:58: in test_send_message_retry_logic
    result = bot._send_with_retry(mock_bot_api.send_message, chat_id='123456', text="Retry Me")
             ^^^^^^^^^^^^^^^^^^^^^^^^^^^^^^^^^^^^^^^^^^^^^^^^^^^^^^^^^^^^^^^^^^^^^^^^^^^^^^^^^^
E   TypeError: TelegramBot._send_with_retry() got an unexpected keyword argument 'chat_id'
=========================== short test summary info ===========================
FAILED tests/test_infrastructure.py::TestContinuousCollector::test_initialization
FAILED tests/test_infrastructure.py::TestContinuousCollector::test_run_loop_cycle
FAILED tests/test_infrastructure.py::TestDynamicMonitor::test_add_target - Ty...
FAILED tests/test_infrastructure.py::TestDynamicMonitor::test_priority_queue
FAILED tests/test_infrastructure.py::TestDynamicMonitor::test_update_priorities_from_exit_signals
FAILED tests/test_position_mgmt.py::TestPositionTracker::test_update_level_status
FAILED tests/test_telegram.py::TestTelegramBot::test_send_message_success - a...
FAILED tests/test_telegram.py::TestTelegramBot::test_send_message_retry_logic
======================== 8 failed, 19 passed in 0.45s =========================
